2025-07-05 21:58:00 | DEBUG | repo=system-int | action=commit
2025-11-04 16:49:00 | INFO | repo=system-int | action=pull
2025-01-26 18:39:00 | INFO | repo=system-int | action=commit
2025-01-25 12:58:00 | DEBUG | repo=system-int | action=test | passed=true
2025-01-12 17:48:00 | WARN | repo=system-int | action=commit
2025-08-25 16:47:00 | WARN | repo=system-int | action=commit
2025-09-20 16:11:00 | DEBUG | repo=system-int | action=commit
2025-02-28 16:46:00 | INFO | repo=system-int | action=commit
2025-08-27 11:59:00 | DEBUG | repo=system-int | action=commit
2025-09-20 11:10:00 | INFO | repo=system-int | action=test | passed=true
2025-04-07 13:24:00 | DEBUG | repo=system-int | action=commit
2025-07-20 14:25:00 | DEBUG | repo=system-int | action=test | passed=true
2025-05-22 11:29:00 | DEBUG | repo=system-int | action=commit
2025-12-27 14:35:00 | WARN | repo=system-int | action=commit
2025-03-12 09:26:00 | DEBUG | repo=system-int | action=test | passed=true
2025-10-02 18:52:00 | WARN | repo=system-int | action=test | passed=true
2025-09-18 17:47:00 | WARN | repo=system-int | action=test | passed=true
2025-07-19 10:37:00 | WARN | repo=system-int | action=commit
2025-12-13 15:28:00 | INFO | repo=system-int | action=test | passed=true
2025-04-06 11:20:00 | WARN | repo=system-int | action=pull
2025-03-13 18:25:00 | DEBUG | repo=system-int | action=commit
